0 verbose cli C:\Program Files\nodejs\node.exe C:\Program Files\nodejs\node_modules\npm\bin\npm-cli.js
1 info using npm@11.9.0
2 info using node@v24.14.0
3 silly config load:file:C:\Program Files\nodejs\node_modules\npm\npmrc
4 silly config load:file:C:\Users\user\OneDrive\Desktop\Swinb\Research\training3\.tmp-cytoscape\.npmrc
5 silly config load:file:C:\Users\user\.npmrc
6 silly config load:file:C:\Users\user\AppData\Roaming\npm\etc\npmrc
7 verbose title npm pack cytoscape@3.33.1
8 verbose argv "pack" "cytoscape@3.33.1" "--cache" ".npm-cache"
9 verbose logfile logs-max:10 dir:C:\Users\user\OneDrive\Desktop\Swinb\Research\training3\.tmp-cytoscape\.npm-cache\_logs\2026-08-01T15_29_33_148Z-
10 verbose logfile C:\Users\user\OneDrive\Desktop\Swinb\Research\training3\.tmp-cytoscape\.npm-cache\_logs\2026-08-01T15_29_33_148Z-debug-0.log
11 silly logfile done cleaning log files
12 http fetch GET 200 https://registry.npmjs.org/npm 575ms
13 http fetch GET 200 https://registry.npmjs.org/cytoscape 772ms (cache miss)
14 http cache https://registry.npmjs.org/cytoscape 32ms (cache hit)
15 http cache https://registry.npmjs.org/cytoscape/-/cytoscape-3.33.1.tgz 0ms (cache hit)
16 silly tarball no local data for https://registry.npmjs.org/cytoscape/-/cytoscape-3.33.1.tgz. Extracting by manifest.
17 http fetch GET 200 https://registry.npmjs.org/cytoscape/-/cytoscape-3.33.1.tgz 354ms (cache miss)
18 notice
19 notice package: cytoscape@3.33.1
20 notice Tarball Contents
21 notice 85B .browserslist
21 notice 2.0kB .github/ISSUE_TEMPLATE/bug_report.md
21 notice 1.1kB .github/ISSUE_TEMPLATE/feature_request.md
21 notice 1.6kB .github/PULL_REQUEST_TEMPLATE.md
21 notice 304B .github/SECURITY.md
21 notice 795B .github/stale.yml
21 notice 3.3kB .github/workflows/feature-release.yml
21 notice 998B .github/workflows/md/blog-issue-template.md
21 notice 4.1kB .github/workflows/md/Feature_Release.md
21 notice 3.2kB .github/workflows/md/Manual_Release.md
21 notice 4.7kB .github/workflows/md/Patch_Backport_Release.md
21 notice 1.3kB .github/workflows/md/repo-setup.md
21 notice 4.2kB .github/workflows/patch-release.yml
21 notice 4.2kB .github/workflows/scripts/merge_unstable_to_master.sh
21 notice 1.2kB .github/workflows/scripts/new-feature-version.sh
21 notice 1.1kB .github/workflows/scripts/new-patch-version.sh
21 notice 1.9kB .github/workflows/scripts/pre_release_test.sh
21 notice 412B .github/workflows/tests.yml
21 notice 3B .nvmrc
21 notice 1.5kB .size-snapshot.json
21 notice 80B .travis.yml
21 notice 5.3kB CODE_OF_CONDUCT.md
21 notice 1.1kB LICENSE
21 notice 10.0kB README.md
21 notice 1.1MB dist/cytoscape.cjs.js
21 notice 432.6kB dist/cytoscape.esm.min.mjs
21 notice 1.1MB dist/cytoscape.esm.mjs
21 notice 434.0kB dist/cytoscape.min.js
21 notice 1.2MB dist/cytoscape.umd.js
21 notice 276B eslint.config.mjs
21 notice 270.4kB index.d.ts
21 notice 1.4kB license-update.mjs
21 notice 5.1kB package.json
21 notice 752B playwright-page/index.html
21 notice 17.8kB playwright-tests/renderer.spec.js
21 notice 2.2kB playwright.config.js
21 notice 3.2kB rollup.config.mjs
21 notice 4.7kB src/animation.mjs
21 notice 215B src/cjs.mjs
21 notice 4.0kB src/collection/algorithms/a-star.mjs
21 notice 8.7kB src/collection/algorithms/affinity-propagation.mjs
21 notice 5.4kB src/collection/algorithms/bellman-ford.mjs
21 notice 3.9kB src/collection/algorithms/betweenness-centrality.mjs
21 notice 3.2kB src/collection/algorithms/bfs-dfs.mjs
21 notice 2.4kB src/collection/algorithms/closeness-centrality.mjs
21 notice 1.9kB src/collection/algorithms/clustering-distances.mjs
21 notice 4.3kB src/collection/algorithms/degree-centrality.mjs
21 notice 3.0kB src/collection/algorithms/dijkstra.mjs
21 notice 3.2kB src/collection/algorithms/floyd-warshall.mjs
21 notice 8.9kB src/collection/algorithms/hierarchical-clustering.mjs
21 notice 3.7kB src/collection/algorithms/hierholzer.mjs
21 notice 3.3kB src/collection/algorithms/hopcroft-tarjan-biconnected.mjs
21 notice 1.4kB src/collection/algorithms/index.mjs
21 notice 13.5kB src/collection/algorithms/k-clustering.mjs
21 notice 5.9kB src/collection/algorithms/karger-stein.mjs
21 notice 1.3kB src/collection/algorithms/kruskal.mjs
21 notice 6.0kB src/collection/algorithms/markov-clustering.mjs
21 notice 3.8kB src/collection/algorithms/page-rank.mjs
21 notice 1.9kB src/collection/algorithms/tarjan-strongly-connected.mjs
21 notice 305B src/collection/animation.mjs
21 notice 917B src/collection/cache-traversal-call.mjs
21 notice 3.3kB src/collection/class.mjs
21 notice 2.2kB src/collection/comparators.mjs
21 notice 4.6kB src/collection/compounds.mjs
21 notice 1.6kB src/collection/data.mjs
21 notice 2.6kB src/collection/degree.mjs
21 notice 29.2kB src/collection/dimensions/bounds.mjs
21 notice 1.7kB src/collection/dimensions/edge-points.mjs
21 notice 288B src/collection/dimensions/index.mjs
21 notice 7.0kB src/collection/dimensions/position.mjs
21 notice 2.8kB src/collection/dimensions/width-height.mjs
21 notice 4.9kB src/collection/element.mjs
21 notice 3.4kB src/collection/events.mjs
21 notice 8.4kB src/collection/filter.mjs
21 notice 470B src/collection/group.mjs
21 notice 21.2kB src/collection/index.mjs
21 notice 3.1kB src/collection/iteration.mjs
21 notice 5.1kB src/collection/layout.mjs
21 notice 11.2kB src/collection/style.mjs
21 notice 3.6kB src/collection/switch-functions.mjs
21 notice 10.7kB src/collection/traversing.mjs
21 notice 2.0kB src/collection/zsort.mjs
21 notice 2.0kB src/core/add-remove.mjs
21 notice 3.8kB src/core/animation/cubic-bezier.mjs
21 notice 1.6kB src/core/animation/ease.mjs
21 notice 2.4kB src/core/animation/easings.mjs
21 notice 1.6kB src/core/animation/index.mjs
21 notice 3.2kB src/core/animation/spring.mjs
21 notice 197B src/core/animation/start.mjs
21 notice 2.5kB src/core/animation/step-all.mjs
21 notice 3.8kB src/core/animation/step.mjs
21 notice 989B src/core/data.mjs
21 notice 2.2kB src/core/events.mjs
21 notice 397B src/core/export.mjs
21 notice 13.7kB src/core/index.mjs
21 notice 1.0kB src/core/layout.mjs
21 notice 2.5kB src/core/notification.mjs
21 notice 2.6kB src/core/renderer.mjs
21 notice 1.4kB src/core/search.mjs
21 notice 816B src/core/style.mjs
21 notice 13.3kB src/core/viewport.mjs
21 notice 6.5kB src/define/animation.mjs
21 notice 6.1kB src/define/data.mjs
21 notice 790B src/define/events.mjs
21 notice 480B src/define/index.mjs
21 notice 6.6kB src/emitter.mjs
21 notice 2.9kB src/event.mjs
21 notice 6.8kB src/extension.mjs
21 notice 215B src/extensions/index.mjs
21 notice 12.8kB src/extensions/layout/breadthfirst.mjs
21 notice 3.9kB src/extensions/layout/circle.mjs
21 notice 6.4kB src/extensions/layout/concentric.mjs
21 notice 38.0kB src/extensions/layout/cose.mjs
21 notice 7.2kB src/extensions/layout/grid.mjs
21 notice 699B src/extensions/layout/index.mjs
21 notice 1.5kB src/extensions/layout/null.mjs
21 notice 2.1kB src/extensions/layout/preset.mjs
21 notice 1.6kB src/extensions/layout/random.mjs
21 notice 9.0kB src/extensions/renderer/base/arrow-shapes.mjs
21 notice 17.5kB src/extensions/renderer/base/coord-ele-math/coords.mjs
21 notice 4.6kB src/extensions/renderer/base/coord-ele-math/edge-arrows.mjs
21 notice 32.3kB src/extensions/renderer/base/coord-ele-math/edge-control-points.mjs
21 notice 10.1kB src/extensions/renderer/base/coord-ele-math/edge-endpoints.mjs
21 notice 1.6kB src/extensions/renderer/base/coord-ele-math/edge-projection.mjs
21 notice 682B src/extensions/renderer/base/coord-ele-math/index.mjs
21 notice 15.3kB src/extensions/renderer/base/coord-ele-math/labels.mjs
21 notice 1.0kB src/extensions/renderer/base/coord-ele-math/nodes.mjs
21 notice 4.2kB src/extensions/renderer/base/coord-ele-math/rendered-style.mjs
21 notice 1.3kB src/extensions/renderer/base/coord-ele-math/z-ordering.mjs
21 notice 1.1kB src/extensions/renderer/base/images.mjs
21 notice 5.8kB src/extensions/renderer/base/index.mjs
21 notice 62.0kB src/extensions/renderer/base/load-listeners.mjs
21 notice 20.3kB src/extensions/renderer/base/node-shapes.mjs
21 notice 2.6kB src/extensions/renderer/base/redraw.mjs
21 notice 1.9kB src/extensions/renderer/canvas/arrow-shapes.mjs
21 notice 12.2kB src/extensions/renderer/canvas/drawing-edges.mjs
21 notice 5.8kB src/extensions/renderer/canvas/drawing-elements.mjs
21 notice 5.7kB src/extensions/renderer/canvas/drawing-images.mjs
21 notice 12.1kB src/extensions/renderer/canvas/drawing-label-text.mjs
21 notice 23.8kB src/extensions/renderer/canvas/drawing-nodes.mjs
21 notice 22.4kB src/extensions/renderer/canvas/drawing-redraw.mjs
21 notice 5.5kB src/extensions/renderer/canvas/drawing-shapes.mjs
21 notice 3.8kB src/extensions/renderer/canvas/ele-texture-cache-lookup.mjs
21 notice 14.9kB src/extensions/renderer/canvas/ele-texture-cache.mjs
21 notice 4.4kB src/extensions/renderer/canvas/export-image.mjs
21 notice 12.6kB src/extensions/renderer/canvas/index.mjs
21 notice 17.3kB src/extensions/renderer/canvas/layered-texture-cache.mjs
21 notice 1.1kB src/extensions/renderer/canvas/node-shapes.mjs
21 notice 2.6kB src/extensions/renderer/canvas/texture-cache-defs.mjs
21 notice 18.2kB src/extensions/renderer/canvas/webgl/atlas.mjs
21 notice 39.3kB src/extensions/renderer/canvas/webgl/drawing-elements-webgl.mjs
21 notice 19.0kB src/extensions/renderer/canvas/webgl/drawing-redraw-webgl.mjs
21 notice 12.8kB src/extensions/renderer/canvas/webgl/fxaa-upscaler.mjs
21 notice 8.2kB src/extensions/renderer/canvas/webgl/misc-upscaler.js
21 notice 1.7kB src/extensions/renderer/canvas/webgl/shader-sdf.mjs
21 notice 10.4kB src/extensions/renderer/canvas/webgl/webgl-util.mjs
21 notice 284B src/extensions/renderer/index.mjs
21 notice 464B src/extensions/renderer/null/index.mjs
21 notice 32B src/heap.mjs
21 notice 1.1kB src/index.mjs
21 notice 4.0kB src/is.mjs
21 notice 431B src/map.mjs
21 notice 39.1kB src/math.mjs
21 notice 7.6kB src/promise.mjs
21 notice 5.9kB src/round.mjs
21 notice 2.2kB src/selector/data.mjs
21 notice 12.8kB src/selector/expressions.mjs
21 notice 1.5kB src/selector/index.mjs
21 notice 1.1kB src/selector/matching.mjs
21 notice 253B src/selector/new-query.mjs
21 notice 6.4kB src/selector/parse.mjs
21 notice 3.3kB src/selector/query-type-match.mjs
21 notice 3.4kB src/selector/state.mjs
21 notice 2.1kB src/selector/tokens.mjs
21 notice 1.1kB src/selector/type.mjs
21 notice 1.1kB src/set.mjs
21 notice 25.9kB src/style/apply.mjs
21 notice 4.8kB src/style/bypass.mjs
21 notice 657B src/style/container.mjs
21 notice 4.2kB src/style/get-for-ele.mjs
21 notice 4.6kB src/style/index.mjs
21 notice 1.2kB src/style/json.mjs
21 notice 12.2kB src/style/parse.mjs
21 notice 35.4kB src/style/properties.mjs
21 notice 3.6kB src/style/string-sheet.mjs
21 notice 2.1kB src/stylesheet.mjs
21 notice 594B src/test.mjs
21 notice 8.1kB src/util/colors.mjs
21 notice 382B src/util/extend.mjs
21 notice 2.1kB src/util/hash.mjs
21 notice 3.7kB src/util/index.mjs
21 notice 2.4kB src/util/maps.mjs
21 notice 713B src/util/memoize.mjs
21 notice 1.0kB src/util/position.mjs
21 notice 766B src/util/regex.mjs
21 notice 214B src/util/sort.mjs
21 notice 746B src/util/strings.mjs
21 notice 1.0kB src/util/timing.mjs
21 notice 36B src/version.mjs
21 notice 98B src/window.mjs
21 notice 15.8kB tests-examples/demo-todo-app.spec.js
21 notice 4.1kB update-imports.mjs
22 notice Tarball Details
23 notice name: cytoscape
24 notice version: 3.33.1
25 notice filename: cytoscape-3.33.1.tgz
26 notice package size: 1.4 MB
27 notice unpacked size: 5.7 MB
28 notice shasum: 449e05d104b760af2912ab76482d24c01cdd4c97
29 notice integrity: sha512-iJc4TwyANnOGR[...]wFp+JRJOr9qGQ==
30 notice total files: 202
31 notice
32 verbose cwd C:\Users\user\OneDrive\Desktop\Swinb\Research\training3\.tmp-cytoscape
33 verbose os Windows_NT 10.0.26200
34 verbose node v24.14.0
35 verbose npm  v11.9.0
36 notice
36 notice New minor version of npm available! 11.9.0 -> 11.19.0
36 notice Changelog: https://github.com/npm/cli/releases/tag/v11.19.0
36 notice To update run: npm install -g npm@11.19.0
36 notice  { force: true, Symbol(proc-log.meta): true }
37 verbose exit 0
38 info ok
